// Jest Snapshot v1, https://goo.gl/fbAQLP

exports[`should test app page should match snapshot 1`] = `ShallowWrapper {}`;
